dates[0] = 09.09.2013 00:00:00
dates[1] = 08.10.2013 00:00:00
dates[2] = 06.11.2013 00:00:00
dates[3] = 12.12.2013 00:00:00
dates[4] = 06.01.2014 00:00:00
dates[5] = 11.02.2014 00:00:00
dates[6] = 12.03.2014 00:00:00
dates[7] = 10.04.2014 00:00:00
dates[8] = 05.05.2014 00:00:00
dates[9] = 10.06.2014 00:00:00
dates[10] = 09.07.2014 00:00:00
dates[11] = 07.08.2014 00:00:00
